bc92e320-b138-446b-8b7f-81d7a52e6b55:0
bc92e320-b138-446b-8b7f-81d7a52e6b53:0
bc92e320-b138-446b-8b7f-81d7a52e6b52:0
